[2026-05-16 14:43:42] Начало работы функции test_function
[2026-05-16 14:43:42] Конец работы функции test_function. Результат: 8
